-rw-r--r-- 1 root root 25M/mnt/largefile
-rw-r--r-- 1 root root 40M/mnt/largefile
