Parameterless "use IO" deprecated at simple line 7.
# Failed test 1 in simple at line 10
#  simple line 10 is:   ok(0); # failure
# Failed test 3 in simple at line 12 *TODO*
#  simple line 12 is:   ok(0); # ok, expected failure (see todo list, above)
# Test 5 got: "0" (simple at line 14)
#   Expected: "1"
#  simple line 14 is:   ok(0,1);             # failure: '0' ne '1'
# Test 6 got: "broke" (simple at line 15)
#   Expected: "fixed"
#  simple line 15 is:   ok('broke','fixed'); # failure: 'broke' ne 'fixed'
# Test 10 got: "2" (simple at line 19)
#    Expected: "3"
#  simple line 19 is:   ok(sub { 1+1 }, 3);  # failure: '2' ne '3'
simple .. 
Failed 4/10 subtests 
	(1 TODO test unexpectedly succeeded)

Test Summary Report
-------------------
simple (Wstat: 0 Tests: 10 Failed: 4)
  Failed tests:  1, 5-6, 10
  TODO passed:   4
Result: FAIL
Failed 1/1 test programs. 4/10 subtests failed.
