Authenticating as principal root/admin@EXAMPLE.COM with password.
Enter password for principal "root/admin@EXAMPLE.COM": 
Re-enter password for principal "root/admin@EXAMPLE.COM": 
Principal "root/admin@EXAMPLE.COM" created.
